01-25 16:37:51.980 4089-4089/? I/MonitoringInstrumentation: Activities that are still in CREATED to STOPPED: 0
01-25 16:37:52.030 4089-4104/? I/TestRunner: finished: testPrimaryKey_defaultStringValue(io.realm.RealmAnnotationTest)
01-25 16:37:52.030 4089-4089/? I/MonitoringInstrumentation: Activities that are still in CREATED to STOPPED: 0
01-25 16:37:52.040 4089-4104/? I/TestRunner: started: testPrimaryKey_errorOnInsertingSameObject(io.realm.RealmAnnotationTest)
01-25 16:37:52.040 4089-4089/? I/MonitoringInstrumentation: Activities that are still in CREATED to STOPPED: 0
01-25 16:37:52.080 4089-4104/? I/TestRunner: finished: testPrimaryKey_errorOnInsertingSameObject(io.realm.RealmAnnotationTest)
01-25 16:37:52.080 4089-4089/? I/MonitoringInstrumentation: Activities that are still in CREATED to STOPPED: 0
01-25 16:37:52.080 4089-4104/? I/TestRunner: started: testAndroidTestCaseSetupProperly(io.realm.RealmAnnotationTest)
01-25 16:37:52.080 4089-4089/? I/MonitoringInstrumentation: Activities that are still in CREATED to STOPPED: 0
01-25 16:37:52.130 4089-4104/? I/TestRunner: finished: testAndroidTestCaseSetupProperly(io.realm.RealmAnnotationTest)
01-25 16:37:52.130 4089-4089/? I/MonitoringInstrumentation: Activities that are still in CREATED to STOPPED: 0
01-25 16:37:52.130 4089-4104/? I/TestRunner: started: accessingRealmListOnUnloadedRealmObjectShouldThrow(io.realm.RealmAsyncQueryTests)
01-25 16:37:52.130 4089-4089/? I/MonitoringInstrumentation: Activities that are still in CREATED to STOPPED: 0
01-25 16:37:52.190 4089-4275/? W/MessageQueue: Handler (android.os.Handler) {42959688} sending message to a Handler on a dead thread
                                               java.lang.RuntimeException: Handler (android.os.Handler) {42959688} sending message to a Handler on a dead thread
                                                   at android.os.MessageQueue.enqueueMessage(MessageQueue.java:320)
                                                   at android.os.Handler.enqueueMessage(Handler.java:626)
                                                   at android.os.Handler.sendMessageAtTime(Handler.java:595)
                                                   at android.os.Handler.sendMessageDelayed(Handler.java:566)
                                                   at android.os.Handler.sendMessage(Handler.java:503)
                                                   at android.os.Message.sendToTarget(Message.java:360)
                                                   at io.realm.RealmQuery.closeSharedGroupAndSendMessageToHandler(RealmQuery.java:1959)
                                                   at io.realm.RealmQuery.access$100(RealmQuery.java:60)
                                                   at io.realm.RealmQuery$5.call(RealmQuery.java:1903)
                                                   at io.realm.RealmQuery$5.call(RealmQuery.java:1881)
                                                   at io.realm.internal.async.BgPriorityCallable.call(BgPriorityCallable.java:36)
                                                   at java.util.concurrent.FutureTask.run(FutureTask.java:237)
                                                   at java.util.concurrent.ThreadPoolExecutor.runWorker(ThreadPoolExecutor.java:1112)
                                                   at java.util.concurrent.ThreadPoolExecutor$Worker.run(ThreadPoolExecutor.java:587)
                                                   at java.lang.Thread.run(Thread.java:841)
01-25 16:37:52.190 4089-4389/? A/libc: Fatal signal 11 (SIGSEGV) at 0x0000000c (code=1), thread 4389 (pool-15-thread-)
01-25 16:37:52.300 285-285/? I/DEBUG: *** *** *** *** *** *** *** *** *** *** *** *** *** *** *** ***
01-25 16:37:52.300 285-285/? I/DEBUG: Build fingerprint: 'lge/g2_skt_kr/g2:4.4.2/KOT49I.F320S21u/F320S21u.1402398882:user/release-keys'
01-25 16:37:52.300 285-285/? I/DEBUG: Revision: '10'
01-25 16:37:52.300 285-285/? I/DEBUG: pid: 4089, tid: 4389, name: pool-15-thread-  >>> io.realm.test <<<
01-25 16:37:52.300 285-285/? I/DEBUG: signal 11 (SIGSEGV), code 1 (SEGV_MAPERR), fault addr 0000000c
01-25 16:37:52.510 285-285/? I/DEBUG:     r0 00000000  r1 60fad718  r2 00000000  r3 00000001
01-25 16:37:52.510 285-285/? I/DEBUG:     r4 00000000  r5 00000000  r6 60fad718  r7 60dace44
01-25 16:37:52.510 285-285/? I/DEBUG:     r8 610d0b10  r9 60dace3c  sl 60dd72e8  fp 610d0b24
01-25 16:37:52.510 285-285/? I/DEBUG:     ip 4025d32f  sp 610d0af8  lr 417f54d0  pc 4025d304  cpsr 000e0030
01-25 16:37:52.510 285-285/? I/DEBUG:     d0  0000000000000000  d1  0000000000000000
01-25 16:37:52.510 285-285/? I/DEBUG:     d2  0000000000000000  d3  0000000000000000
01-25 16:37:52.510 285-285/? I/DEBUG:     d4  4f03260202074009  d5  7365740b02000940
01-25 16:37:52.510 285-285/? I/DEBUG:     d6  3220617461642074  d7  110e000402020105
01-25 16:37:52.510 285-285/? I/DEBUG:     d8  0000000000000000  d9  0000000000000000
01-25 16:37:52.510 285-285/? I/DEBUG:     d10 0000000000000000  d11 0000000000000000
01-25 16:37:52.510 285-285/? I/DEBUG:     d12 0000000000000000  d13 0000000000000000
01-25 16:37:52.510 285-285/? I/DEBUG:     d14 0000000000000000  d15 0000000000000000
01-25 16:37:52.510 285-285/? I/DEBUG:     d16 6d6c6165722f6f69  d17 616e7265746e692f
01-25 16:37:52.510 285-285/? I/DEBUG:     d18 43087de0430880a8  d19 42fe8ae043089dd0
01-25 16:37:52.510 285-285/? I/DEBUG:     d20 43089ea043086c40  d21 430398a043018dd0
01-25 16:37:52.510 285-285/? I/DEBUG:     d22 43086b704303d610  d23 42fe77d04308b950
01-25 16:37:52.510 285-285/? I/DEBUG:     d24 0000000000000000  d25 0000000000000000
01-25 16:37:52.510 285-285/? I/DEBUG:     d26 0000000000000000  d27 0909090909090909
01-25 16:37:52.510 285-285/? I/DEBUG:     d28 0100010001000100  d29 0100010001000100
01-25 16:37:52.510 285-285/? I/DEBUG:     d30 0909090909090909  d31 0909090909090909
01-25 16:37:52.510 285-285/? I/DEBUG:     scr 60000010
01-25 16:37:52.510 285-285/? I/DEBUG:     #00  pc 0006b304  /system/lib/libandroid_runtime.so (android::NativeMessageQueue::pollOnce(_JNIEnv*, int)+9)
01-25 16:37:52.510 285-285/? I/DEBUG:     #01  pc 000204cc  /system/lib/libdvm.so (dvmPlatformInvoke+112)
01-25 16:37:52.510 285-285/? I/DEBUG:     #02  pc 000512af  /system/lib/libdvm.so (dvmCallJNIMethod(unsigned int const*, JValue*, Method const*, Thread*)+398)
01-25 16:37:52.510 285-285/? I/DEBUG:     #03  pc 00029960  /system/lib/libdvm.so
01-25 16:37:52.510 285-285/? I/DEBUG:     #04  pc 00030ec8  /system/lib/libdvm.so (dvmMterpStd(Thread*)+76)
01-25 16:37:52.510 285-285/? I/DEBUG:     #05  pc 0002e560  /system/lib/libdvm.so (dvmInterpret(Thread*, Method const*, JValue*)+184)
01-25 16:37:52.510 285-285/? I/DEBUG:     #06  pc 00063795  /system/lib/libdvm.so (dvmCallMethodV(Thread*, Method const*, Object*, bool, JValue*, std::__va_list)+336)
01-25 16:37:52.510 285-285/? I/DEBUG:     #07  pc 000637b9  /system/lib/libdvm.so (dvmCallMethod(Thread*, Method const*, Object*, JValue*, ...)+20)
01-25 16:37:52.510 285-285/? I/DEBUG:     #08  pc 0005848f  /system/lib/libdvm.so
01-25 16:37:52.510 285-285/? I/DEBUG:     #09  pc 0000d2e0  /system/lib/libc.so (__thread_entry+72)
01-25 16:37:52.510 285-285/? I/DEBUG:     #10  pc 0000d478  /system/lib/libc.so (pthread_create+240)
01-25 16:37:52.510 285-285/? I/DEBUG:          610d0ab8  60d80254  /data/app-lib/io.realm.test-1/librealm-jni.so
01-25 16:37:52.510 285-285/? I/DEBUG:          610d0abc  60dd72d8  
01-25 16:37:52.510 285-285/? I/DEBUG:          610d0ac0  41805e7c  /system/lib/libdvm.so (dvmMterpStd(Thread*))
01-25 16:37:52.510 285-285/? I/DEBUG:          610d0ac4  00000000  
01-25 16:37:52.510 285-285/? I/DEBUG:          610d0ac8  610d0ba8  [stack:4389]
01-25 16:37:52.510 285-285/? I/DEBUG:          610d0acc  60dd72d8  
01-25 16:37:52.510 285-285/? I/DEBUG:          610d0ad0  610d0b0c  [stack:4389]
01-25 16:37:52.510 285-285/? I/DEBUG:          610d0ad4  57ba50f0  /dev/ashmem/dalvik-LinearAlloc (deleted)
01-25 16:37:52.510 285-285/? I/DEBUG:          610d0ad8  42fe4d08  /dev/ashmem/dalvik-heap (deleted)
01-25 16:37:52.510 285-285/? I/DEBUG:          610d0adc  41805ecc  /system/lib/libdvm.so (dvmMterpStd(Thread*)+80)
01-25 16:37:52.510 285-285/? I/DEBUG:          610d0ae0  60deea30  
01-25 16:37:52.510 285-285/? I/DEBUG:          610d0ae4  60deea30  
01-25 16:37:52.510 285-285/? I/DEBUG:          610d0ae8  00deea30  
01-25 16:37:52.510 285-285/? I/DEBUG:          610d0aec  60da6a60  
01-25 16:37:52.510 285-285/? I/DEBUG:          610d0af0  610fb390  
01-25 16:37:52.510 285-285/? I/DEBUG:          610d0af4  fffffe5c  
01-25 16:37:52.510 285-285/? I/DEBUG:     #00  610d0af8  00000000  
01-25 16:37:52.520 285-285/? I/DEBUG:          610d0afc  60fad718  
01-25 16:37:52.520 285-285/? I/DEBUG:          610d0b00  5788cee0  /dev/ashmem/dalvik-LinearAlloc (deleted)
01-25 16:37:52.520 285-285/? I/DEBUG:          610d0b04  60dd72d8  
01-25 16:37:52.520 285-285/? I/DEBUG:          610d0b08  00000000  
01-25 16:37:52.520 285-285/? I/DEBUG:          610d0b0c  417f54d0  /system/lib/libdvm.so (dvmPlatformInvoke+116)
01-25 16:37:52.520 285-285/? I/DEBUG:     #01  610d0b10  60dace3c  
01-25 16:37:52.520 285-285/? I/DEBUG:          610d0b14  00000001  
01-25 16:37:52.520 285-285/? I/DEBUG:          610d0b18  00000008  
01-25 16:37:52.520 285-285/? I/DEBUG:          610d0b1c  418e6ee0  /dev/ashmem/dalvik-zygote (deleted)
01-25 16:37:52.520 285-285/? I/DEBUG:          610d0b20  00000000  
01-25 16:37:52.520 285-285/? I/DEBUG:          610d0b24  418262b3  /system/lib/libdvm.so (dvmCallJNIMethod(unsigned int const*, JValue*, Method const*, Thread*)+402)
01-25 16:37:52.520 285-285/? I/DEBUG:     #02  610d0b28  60dace3c  
01-25 16:37:52.520 285-285/? I/DEBUG:          610d0b2c  5953d211  /system/framework/framework.odex
01-25 16:37:52.520 285-285/? I/DEBUG:          610d0b30  4025d32f  /system/lib/libandroid_runtime.so
01-25 16:37:52.520 285-285/? I/DEBUG:          610d0b34  60dd72e8  
01-25 16:37:52.520 285-285/? I/DEBUG:          610d0b38  00000000  
01-25 16:37:52.520 285-285/? I/DEBUG:          610d0b3c  00000000  
01-25 16:37:52.520 285-285/? I/DEBUG:          610d0b40  89b00001  
01-25 16:37:52.520 285-285/? I/DEBUG:          610d0b44  00000000  
01-25 16:37:52.520 285-285/? I/DEBUG:          610d0b48  00000000  
01-25 16:37:52.520 285-285/? I/DEBUG:          610d0b4c  40168394  
01-25 16:37:52.520 285-285/? I/DEBUG:          610d0b50  00000000  
01-25 16:37:52.520 285-285/? I/DEBUG:          610d0b54  00000000  
01-25 16:37:52.520 285-285/? I/DEBUG:          610d0b58  00000000  
01-25 16:37:52.520 285-285/? I/DEBUG:          610d0b5c  00000000  
01-25 16:37:52.520 285-285/? I/DEBUG:          610d0b60  00000000  
01-25 16:37:52.520 285-285/? I/DEBUG:          610d0b64  00000000  
01-25 16:37:52.520 285-285/? I/DEBUG:          ........  ........
01-25 16:37:52.530 285-285/? I/DEBUG:     60fad6f8 60e21a30 00000000 00000000 00000000  
01-25 16:37:52.530 285-285/? I/DEBUG:     60fad708 00000000 00000000 00000000 00000023  
01-25 16:37:52.530 285-285/? I/DEBUG:     60fad718 418913c8 00000000 0000000c 60dd72d8  
01-25 16:37:52.530 285-285/? I/DEBUG:     60fad728 00000000 00000000 60da3c90 0000029b  
01-25 16:37:52.530 285-285/? I/DEBUG:     60fad738 00000001 60fad730 60d7e8e8 60cae563  
01-25 16:37:52.530 285-285/? I/DEBUG:     60fad748 00000000 60d801b0 611203f0 00000000  
01-25 16:37:52.530 285-285/? I/DEBUG:     60fad758 ffff8000 ffffffff 00007fff 00000000  
01-25 16:37:52.530 285-285/? I/DEBUG:     60fad768 00000002 00000002 60da5c78 000003e8  
01-25 16:37:52.530 285-285/? I/DEBUG:     60fad778 60da5c70 00000000 00010010 00000000  
01-25 16:37:52.530 285-285/? I/DEBUG:     60fad788 60d7e8e8 60cae563 00000000 60d801b0  
01-25 16:37:52.530 285-285/? I/DEBUG:     60fad798 611203e0 00000000 ffff8000 ffffffff  
01-25 16:37:52.530 285-285/? I/DEBUG:     60fad7a8 00007fff 00000000 00000001 00000001  
01-25 16:37:52.530 285-285/? I/DEBUG:     60fad7b8 60da5c78 000003d8 00000000 00000000  
01-25 16:37:52.530 285-285/? I/DEBUG:     60fad7c8 00010010 00000000 60d7e8e8 60cae563  
01-25 16:37:52.530 285-285/? I/DEBUG:     60fad7d8 00000000 60d801b0 00000000 00000000  
01-25 16:37:52.530 285-285/? I/DEBUG:     60fad7e8 ffff8000 ffffffff 00007fff 00000000  
01-25 16:37:52.530 285-285/? I/DEBUG:     60fad6f8 60e21a30 00000000 00000000 00000000  
01-25 16:37:52.530 285-285/? I/DEBUG:     60fad708 00000000 00000000 00000000 00000023  
01-25 16:37:52.530 285-285/? I/DEBUG:     60fad718 418913c8 00000000 0000000c 60dd72d8  
01-25 16:37:52.530 285-285/? I/DEBUG:     60fad728 00000000 00000000 60da3c90 0000029b  
01-25 16:37:52.530 285-285/? I/DEBUG:     60fad738 00000001 60fad730 60d7e8e8 60cae563  
01-25 16:37:52.530 285-285/? I/DEBUG:     60fad748 00000000 60d801b0 611203f0 00000000  
01-25 16:37:52.530 285-285/? I/DEBUG:     60fad758 ffff8000 ffffffff 00007fff 00000000  
01-25 16:37:52.530 285-285/? I/DEBUG:     60fad768 00000002 00000002 60da5c78 000003e8  
01-25 16:37:52.530 285-285/? I/DEBUG:     60fad778 60da5c70 00000000 00010010 00000000  
01-25 16:37:52.530 285-285/? I/DEBUG:     60fad788 60d7e8e8 60cae563 00000000 60d801b0  
01-25 16:37:52.530 285-285/? I/DEBUG:     60fad798 611203e0 00000000 ffff8000 ffffffff  
01-25 16:37:52.530 285-285/? I/DEBUG:     60fad7a8 00007fff 00000000 00000001 00000001  
01-25 16:37:52.530 285-285/? I/DEBUG:     60fad7b8 60da5c78 000003d8 00000000 00000000  
01-25 16:37:52.530 285-285/? I/DEBUG:     60fad7c8 00010010 00000000 60d7e8e8 60cae563  
01-25 16:37:52.530 285-285/? I/DEBUG:     60fad7d8 00000000 60d801b0 00000000 00000000  
01-25 16:37:52.530 285-285/? I/DEBUG:     60fad7e8 ffff8000 ffffffff 00007fff 00000000  
01-25 16:37:52.530 285-285/? I/DEBUG:     60dace24 588cb2cc 60dace58 592c1232 5788cee0  
01-25 16:37:52.530 285-285/? I/DEBUG:     60dace34 00000000 00000000 00000000 00000000  
01-25 16:37:52.530 285-285/? I/DEBUG:     60dace44 60dacea8 592bfa4e 5788d188 592c1232  
01-25 16:37:52.530 285-285/? I/DEBUG:     60dace54 00000000 588a5470 00000000 430ac378  
01-25 16:37:52.530 285-285/? I/DEBUG:     60dace64 0000000c 00000000 430dedd0 430ac4d8  
01-25 16:37:52.530 285-285/? I/DEBUG:     60dace74 ffffffff 41a07cb8 60dacea8 00000000  
01-25 16:37:52.530 285-285/? I/DEBUG:     60dace84 592bfa46 5787b198 00000000 430dee90  
01-25 16:37:52.530 285-285/? I/DEBUG:     60dace94 60dacee8 606d750a 5788c8c0 592bfa4e  
01-25 16:37:52.540 285-285/? I/DEBUG:     60dacea4 00000000 00000ff9 000027e8 606d7504  
01-25 16:37:52.540 285-285/? I/DEBUG:     60daceb4 430ac4d8 6072a66a 00000000 42f54078  
01-25 16:37:52.540 285-285/? I/DEBUG:     60dacec4 430dee90 42f6e928 42c94980 42f98b90  
01-25 16:37:52.540 285-285/? I/DEBUG:     60daced4 60dacf20 5895afd0 57c47cc8 606d750a  
01-25 16:37:52.540 285-285/? I/DEBUG:     60dacee4 00000000 5782ad48 42f98b90 42958788  
01-25 16:37:52.540 285-285/? I/DEBUG:     60dacef4 430ac4d8 00000000 60dacf3c 00000000  
01-25 16:37:52.540 285-285/? I/DEBUG:     60dacf04 00000000 43086ff0 60dacf3c 5895a3d8  
01-25 16:37:52.540 285-285/? I/DEBUG:     60dacf14 57b60d50 5895afd0 00000000 43086ff0  
01-25 16:37:52.540 285-285/? I/DEBUG:     610d0af0 610fb390 fffffe5c 00000000 60fad718  
01-25 16:37:52.540 285-285/? I/DEBUG:     610d0b00 5788cee0 60dd72d8 00000000 417f54d0  
01-25 16:37:52.540 285-285/? I/DEBUG:     610d0b10 60dace3c 00000001 00000008 418e6ee0  
01-25 16:37:52.540 285-285/? I/DEBUG:     610d0b20 00000000 418262b3 60dace3c 5953d211  
01-25 16:37:52.540 285-285/? I/DEBUG:     610d0b30 4025d32f 60dd72e8 00000000 00000000  
01-25 16:37:52.540 285-285/? I/DEBUG:     610d0b40 89b00001 00000000 00000000 40168394  
01-25 16:37:52.540 285-285/? I/DEBUG:     610d0b50 00000000 00000000 00000000 00000000  
01-25 16:37:52.540 285-285/? I/DEBUG:     610d0b60 00000000 00000000 00000000 00000000  
01-25 16:37:52.540 285-285/? I/DEBUG:     610d0b70 60dd72d8 57ba50f0 00000000 00000000  
01-25 16:37:52.540 285-285/? I/DEBUG:     610d0b80 418bf2a8 00000000 00000000 41838aa9  
01-25 16:37:52.540 285-285/? I/DEBUG:     610d0b90 40168394 00000014 41899d50 40168394  
01-25 16:37:52.540 285-285/? I/DEBUG:     610d0ba0 00000014 41801be8 00000000 00000000  
01-25 16:37:52.540 285-285/? I/DEBUG:     610d0bb0 00000000 00000000 00000000 00000000  
01-25 16:37:52.540 285-285/? I/DEBUG:     610d0bc0 00000000 00000000 00000000 00000000  
01-25 16:37:52.540 285-285/? I/DEBUG:     610d0bd0 00000000 00000000 00000000 00000000  
01-25 16:37:52.540 285-285/? I/DEBUG:     610d0be0 00000000 993b900c 00000000 42a05808  
01-25 16:37:52.540 285-285/? I/DEBUG:     60dace1c 42fe4cf8 60dace48 588cb2cc 60dace58  
01-25 16:37:52.540 285-285/? I/DEBUG:     60dace2c 592c1232 5788cee0 00000000 00000000  
01-25 16:37:52.540 285-285/? I/DEBUG:     60dace3c 00000000 00000000 60dacea8 592bfa4e  
01-25 16:37:52.540 285-285/? I/DEBUG:     60dace4c 5788d188 592c1232 00000000 588a5470  
01-25 16:37:52.540 285-285/? I/DEBUG:     60dace5c 00000000 430ac378 0000000c 00000000  
01-25 16:37:52.540 285-285/? I/DEBUG:     60dace6c 430dedd0 430ac4d8 ffffffff 41a07cb8  
01-25 16:37:52.540 285-285/? I/DEBUG:     60dace7c 60dacea8 00000000 592bfa46 5787b198  
01-25 16:37:52.540 285-285/? I/DEBUG:     60dace8c 00000000 430dee90 60dacee8 606d750a  
01-25 16:37:52.540 285-285/? I/DEBUG:     60dace9c 5788c8c0 592bfa4e 00000000 00000ff9  
01-25 16:37:52.540 285-285/? I/DEBUG:     60daceac 000027e8 606d7504 430ac4d8 6072a66a  
01-25 16:37:52.540 285-285/? I/DEBUG:     60dacebc 00000000 42f54078 430dee90 42f6e928  
01-25 16:37:52.540 285-285/? I/DEBUG:     60dacecc 42c94980 42f98b90 60dacf20 5895afd0  
01-25 16:37:52.550 285-285/? I/DEBUG:     60dacedc 57c47cc8 606d750a 00000000 5782ad48  
01-25 16:37:52.550 285-285/? I/DEBUG:     60daceec 42f98b90 42958788 430ac4d8 00000000  
01-25 16:37:52.550 285-285/? I/DEBUG:     60dacefc 60dacf3c 00000000 00000000 43086ff0  
01-25 16:37:52.550 285-285/? I/DEBUG:     60dacf0c 60dacf3c 5895a3d8 57b60d50 5895afd0  
01-25 16:37:52.550 285-285/? I/DEBUG:     60dd72c8 000000ea 00000000 60d7e8e8 0000045b  
01-25 16:37:52.550 285-285/? I/DEBUG:     60dd72d8 6072a666 60dace3c 5788d188 59871000  
01-25 16:37:52.550 285-285/? I/DEBUG:     60dd72e8 00000ff9 000027e8 610d0c40 00000000  
01-25 16:37:52.550 285-285/? I/DEBUG:     60dd72f8 610d0c94 0000000c 00000000 417f5640  
01-25 16:37:52.550 285-285/? I/DEBUG:     60dd7308 00000000 00000000 56de3870 60da9300  
01-25 16:37:52.550 285-285/? I/DEBUG:     60dd7318 00000000 00000000 00000001 00004000  
01-25 16:37:52.550 285-285/? I/DEBUG:     60dd7328 00000000 60fc9d00 417f5640 417fa580  
01-25 16:37:52.550 285-285/? I/DEBUG:     60dd7338 00000000 417fe67c 417fe6f0 417fe5a0  
01-25 16:37:52.550 285-285/? I/DEBUG:     60dd7348 417fe5c0 417fe61c 00000000 00000000  
01-25 16:37:52.550 285-285/? I/DEBUG:     60dd7358 60d8c0f8 00000028 00000000 00000000  
01-25 16:37:52.550 285-285/? I/DEBUG:     60dd7368 00000000 00000006 00002000 4189a484  
01-25 16:37:52.550 285-285/? I/DEBUG:     60dd7378 419f91f0 57b5f478 00000001 60dde198  
01-25 16:37:52.550 285-285/? I/DEBUG:     60dd7388 00000001 00000040 00000200 00000000  
01-25 16:37:52.550 285-285/? I/DEBUG:     60dd7398 00000001 5894d8b2 5894d8b2 00000001  
01-25 16:37:52.550 285-285/? I/DEBUG:     60dd73a8 5894caa0 57a78fb0 7d80b60a 144aa793  
01-25 16:37:52.550 285-285/? I/DEBUG:     60dd73b8 aa522be5 b448f249 2fe2eff3 534ea126  
01-25 16:37:52.550 285-285/? I/DEBUG:     610d0b04 60dd72d8 00000000 417f54d0 60dace3c  
01-25 16:37:52.550 285-285/? I/DEBUG:     610d0b14 00000001 00000008 418e6ee0 00000000  
01-25 16:37:52.550 285-285/? I/DEBUG:     610d0b24 418262b3 60dace3c 5953d211 4025d32f  
01-25 16:37:52.550 285-285/? I/DEBUG:     610d0b34 60dd72e8 00000000 00000000 89b00001  
01-25 16:37:52.550 285-285/? I/DEBUG:     610d0b44 00000000 00000000 40168394 00000000  
01-25 16:37:52.550 285-285/? I/DEBUG:     610d0b54 00000000 00000000 00000000 00000000  
01-25 16:37:52.550 285-285/? I/DEBUG:     610d0b64 00000000 00000000 00000000 60dd72d8  
01-25 16:37:52.550 285-285/? I/DEBUG:     610d0b74 57ba50f0 00000000 00000000 418bf2a8  
01-25 16:37:52.550 285-285/? I/DEBUG:     610d0b84 00000000 00000000 41838aa9 40168394  
01-25 16:37:52.550 285-285/? I/DEBUG:     610d0b94 00000014 41899d50 40168394 00000014  
01-25 16:37:52.550 285-285/? I/DEBUG:     610d0ba4 41801be8 00000000 00000000 00000000  
01-25 16:37:52.550 285-285/? I/DEBUG:     610d0bb4 00000000 00000000 00000000 00000000  
01-25 16:37:52.550 285-285/? I/DEBUG:     610d0bc4 00000000 00000000 00000000 00000000  
01-25 16:37:52.550 285-285/? I/DEBUG:     610d0bd4 00000000 00000000 00000000 00000000  
01-25 16:37:52.550 285-285/? I/DEBUG:     610d0be4 993b900c 00000000 42a05808 57ba50f0  
01-25 16:37:52.550 285-285/? I/DEBUG:     610d0bf4 42f6cff0 42fe4cf8 42f4f188 418bf2a8  
01-25 16:37:52.550 285-285/? I/DEBUG:     4025d30c 462b6880 ee6af7d4 73256921 6830b141  
01-25 16:37:52.550 285-285/? I/DEBUG:     4025d31c 46306b42 46304790 f7f56921 6125fc6d  
01-25 16:37:52.550 285-285/? I/DEBUG:     4025d32c 4601bd7c 461a4610 bfe1f7ff f01f6880  
01-25 16:37:52.550 285-285/? I/DEBUG:     4025d33c 4610bb39 bffaf7ff 4604b510 4608680b  
01-25 16:37:52.550 285-285/? I/DEBUG:     4025d34c 4a064611 f8d3447a 68123190 60204798  
01-25 16:37:52.550 285-285/? I/DEBUG:     4025d35c 4621b110 ef96f7d2 bd104620 000487a8  
01-25 16:37:52.550 285-285/? I/DEBUG:     4025d36c 4604b538 23054d0d 447d4a0d 4629447a  
01-25 16:37:52.550 285-285/? I/DEBUG:     4025d37c ed24f7d2 46296823 699a4620 4a094790  
01-25 16:37:52.550 285-285/? I/DEBUG:     4025d38c 447a4b09 4601447b f8d06820 46205178  
01-25 16:37:52.550 285-285/? I/DEBUG:     4025d39c 490647a8 60084479 bd382000 00031949  
01-25 16:37:52.550 285-285/? I/DEBUG:     4025d3ac 00045cd8 0002e96d 00028472 00048758  
01-25 16:37:52.550 285-285/? I/DEBUG:     4025d3bc b5104b06 4604447b f8403308 f7e53b08  
01-25 16:37:52.550 285-285/? I/DEBUG:     4025d3cc 4620fa07 ef6ef7d3 bd104620 0003e90c  
01-25 16:37:52.550 285-285/? I/DEBUG:     4025d3dc 4604b510 ffecf7ff f7d24620 4620eccc  
01-25 16:37:52.550 285-285/? I/DEBUG:     4025d3ec 0000bd10 b5104b04 4604447b 60033308  
01-25 16:37:52.550 285-285/? I/DEBUG:     4025d3fc ffdef7ff bd104620 0003e8b0 4604b510  
01-25 16:37:52.550 285-285/? I/DEBUG:     610d0ad8 42fe4d08 41805ecc 60deea30 60deea30  
01-25 16:37:52.550 285-285/? I/DEBUG:     610d0ae8 00deea30 60da6a60 610fb390 fffffe5c  
01-25 16:37:52.550 285-285/? I/DEBUG:     610d0af8 00000000 60fad718 5788cee0 60dd72d8  
01-25 16:37:52.550 285-285/? I/DEBUG:     610d0b08 00000000 417f54d0 60dace3c 00000001  
01-25 16:37:52.550 285-285/? I/DEBUG:     610d0b18 00000008 418e6ee0 00000000 418262b3  
01-25 16:37:52.550 285-285/? I/DEBUG:     610d0b28 60dace3c 5953d211 4025d32f 60dd72e8  
01-25 16:37:52.550 285-285/? I/DEBUG:     610d0b38 00000000 00000000 89b00001 00000000  
01-25 16:37:52.550 285-285/? I/DEBUG:     610d0b48 00000000 40168394 00000000 00000000  
01-25 16:37:52.550 285-285/? I/DEBUG:     610d0b58 00000000 00000000 00000000 00000000  
01-25 16:37:52.550 285-285/? I/DEBUG:     610d0b68 00000000 00000000 60dd72d8 57ba50f0  
01-25 16:37:52.550 285-285/? I/DEBUG:     610d0b78 00000000 00000000 418bf2a8 00000000  
01-25 16:37:52.550 285-285/? I/DEBUG:     610d0b88 00000000 41838aa9 40168394 00000014  
01-25 16:37:52.550 285-285/? I/DEBUG:     610d0b98 41899d50 40168394 00000014 41801be8  
01-25 16:37:52.550 285-285/? I/DEBUG:     610d0ba8 00000000 00000000 00000000 00000000  
01-25 16:37:52.550 285-285/? I/DEBUG:     610d0bb8 00000000 00000000 00000000 00000000  
01-25 16:37:52.550 285-285/? I/DEBUG:     610d0bc8 00000000 00000000 00000000 00000000  
01-25 16:37:52.550 285-285/? I/DEBUG:     4025d2e4 c018f8d3 47e0462b 46294620 fc88f7f5  
01-25 16:37:52.550 285-285/? I/DEBUG:     4025d2f4 bdf82001 b573bdf8 46042500 460e2301  
01-25 16:37:52.550 285-285/? I/DEBUG:     4025d304 46117303 462a9500 462b6880 ee6af7d4  
01-25 16:37:52.550 285-285/? I/DEBUG:     4025d314 73256921 6830b141 46306b42 46304790  
01-25 16:37:52.550 285-285/? I/DEBUG:     4025d324 f7f56921 6125fc6d 4601bd7c 461a4610  
01-25 16:37:52.550 285-285/? I/DEBUG:     4025d334 bfe1f7ff f01f6880 4610bb39 bffaf7ff  
01-25 16:37:52.550 285-285/? I/DEBUG:     4025d344 4604b510 4608680b 4a064611 f8d3447a  
01-25 16:37:52.550 285-285/? I/DEBUG:     4025d354 68123190 60204798 4621b110 ef96f7d2  
01-25 16:37:52.550 285-285/? I/DEBUG:     4025d364 bd104620 000487a8 4604b538 23054d0d  
01-25 16:37:52.550 285-285/? I/DEBUG:     4025d374 447d4a0d 4629447a ed24f7d2 46296823  
01-25 16:37:52.550 285-285/? I/DEBUG:     4025d384 699a4620 4a094790 447a4b09 4601447b  
01-25 16:37:52.550 285-285/? I/DEBUG:     4025d394 f8d06820 46205178 490647a8 60084479  
01-25 16:37:52.550 285-285/? I/DEBUG:     4025d3a4 bd382000 00031949 00045cd8 0002e96d  
01-25 16:37:52.550 285-285/? I/DEBUG:     4025d3b4 00028472 00048758 b5104b06 4604447b  
01-25 16:37:52.550 285-285/? I/DEBUG:     4025d3c4 f8403308 f7e53b08 4620fa07 ef6ef7d3  
01-25 16:37:52.550 285-285/? I/DEBUG:     4025d3d4 bd104620 0003e90c 4604b510 ffecf7ff  
01-25 16:37:52.550 285-285/? I/DEBUG:     417f54b0 3497c004 3488c004 3afffff9 e2888004  
01-25 16:37:52.550 285-285/? I/DEBUG:     417f54c0 eafffff9 e899000c e59bc00c e12fff3c  
01-25 16:37:52.550 285-285/? I/DEBUG:     417f54d0 e3560000 159bc010 e24bd014 188c0003  
01-25 16:37:52.550 285-285/? I/DEBUG:     417f54e0 e8bd8bc0 e1a0ce22 e59b6008 e2866001  
01-25 16:37:52.550 285-285/? I/DEBUG:     417f54f0 e3a02000 e4d6c001 e35c0000 0a000007  
01-25 16:37:52.550 285-285/? I/DEBUG:     417f5500 e2822001 e35c0044 135c004a 1afffff8  
01-25 16:37:52.550 285-285/? I/DEBUG:     417f5510 e3120001 12822001 02822002 eafffff4  
01-25 16:37:52.550 285-285/? I/DEBUG:     417f5520 e2522002 43b02000 0affffe5 e04dd102  
01-25 16:37:52.550 285-285/? I/DEBUG:     417f5530 e3cdd004 e1a07009 e1a0800d e59b6008  
01-25 16:37:52.550 285-285/? I/DEBUG:     417f5540 e2866001 e2877008 e4d6c001 e35c0044  
01-25 16:37:52.550 285-285/? I/DEBUG:     417f5550 135c004a 0a000004 e4d6c001 e35c0044  
01-25 16:37:52.550 285-285/? I/DEBUG:     417f5560 135c004a 02477004 0a000000 e4d6c001  
01-25 16:37:52.550 285-285/? I/DEBUG:     417f5570 e35c0000 0affffd2 e35c0044 135c004a  
01-25 16:37:52.550 285-285/? I/DEBUG:     417f5580 0a000002 e497c004 e488c004 eafffff6  
01-25 16:37:52.550 285-285/? I/DEBUG:     417f5590 e2888007 e497c004 e3c88007 e4972004  
01-25 16:37:52.550 285-285/? I/DEBUG:     417f55a0 e488c004 e4882004 eaffffef 00000000  
01-25 16:37:52.710 1252-4393/? W/ActivityManager: Error in app io.realm.test running instrumentation ComponentInfo{io.realm.test/android.support.test.runner.AndroidJUnitRunner}:
01-25 16:37:52.710 1252-4393/? W/ActivityManager:   Native crash
01-25 16:37:52.710 4054-4054/? D/AndroidRuntime: Shutting down VM
01-25 16:37:52.710 4054-4083/? D/jdwp: Got wake-up signal, bailing out of select
01-25 16:37:52.710 4054-4083/? D/dalvikvm: Debugger has detached; object registry had 1 entries
01-25 16:37:52.710 1252-4393/? W/ActivityManager:   Native crash: Segmentation fault
01-25 16:37:52.730 288-288/? D/Zygote: Process 4089 terminated by signal (11)
01-25 16:37:52.880 279-391/? I/Vold: [LGE][VOLD][NetlinkHandler.cpp][onEvent()] subsys:cpu, action:0
01-25 16:37:52.960 1252-4393/? I/ActivityManager: Force stopping io.realm.test appid=10216 user=0: finished inst
01-25 16:37:52.960 1252-4393/? I/ActivityManager: Killing 4089:io.realm.test/u0a216 (adj 0): stop io.realm.test
01-25 16:37:52.970 1252-4393/? I/MDM:  removeProcessLocked app.persistent = false callerWillRestart = false
01-25 16:37:52.980 1252-4393/? I/ActivityManager: resumeTopActivitiesLocked(): target Stack:ActivityStack{43280bb8 stackId=0, 1 tasks}
01-25 16:37:52.980 1252-4393/? D/ActivityManager: resumeTopActivityLocked: Going to sleep and all paused
01-25 16:37:53.440 4405-4405/? D/AndroidRuntime: CheckJNI is OFF
01-25 16:37:53.460 4405-4405/? D/dalvikvm: Trying to load lib libjavacore.so 0x0
01-25 16:37:53.460 4405-4405/? D/dalvikvm: Added shared lib libjavacore.so 0x0
01-25 16:37:53.470 4405-4405/? D/dalvikvm: Trying to load lib libnativehelper.so 0x0
01-25 16:37:53.470 4405-4405/? D/dalvikvm: Added shared lib libnativehelper.so 0x0
01-25 16:37:53.470 4405-4405/? D/dalvikvm: No JNI_OnLoad found in libnativehelper.so 0x0, skipping init
01-25 16:37:53.500 4405-4405/? D/dalvikvm: Note: class Landroid/app/ActivityManagerNative; has 185 unimplemented (abstract) methods
01-25 16:37:53.610 4405-4405/? E/memtrack: Couldn't load memtrack module (No such file or directory)
01-25 16:37:53.610 4405-4405/? E/android.os.Debug: failed to load memtrack module: -2
01-25 16:37:53.690 4405-4405/? D/AndroidRuntime: Calling main entry com.android.commands.pm.Pm
01-25 16:37:53.690 279-391/? I/Vold: [LGE][VOLD][NetlinkHandler.cpp][onEvent()] subsys:cpu, action:0
01-25 16:37:53.700 1252-1290/? I/ActivityManager: Force stopping io.realm.test appid=10216 user=-1: uninstall pkg
01-25 16:37:53.700 1252-1298/? W/PackageManager: Couldn't delete native library directory /data/app-lib/io.realm.test
01-25 16:37:53.700 1252-1290/? I/ActivityManager: resumeTopActivitiesLocked(): target Stack:ActivityStack{43280bb8 stackId=0, 1 tasks}
01-25 16:37:53.700 1252-1290/? D/ActivityManager: resumeTopActivityLocked: Going to sleep and all paused
01-25 16:37:53.800 293-293/? D/keystore: calling clear_uid in state: 2
01-25 16:37:53.800 1252-1298/? I/ActivityManager: Force stopping io.realm.test appid=10216 user=0: pkg removed
01-25 16:37:53.800 1252-1298/? I/ActivityManager: resumeTopActivitiesLocked(): target Stack:ActivityStack{43280bb8 stackId=0, 1 tasks}
01-25 16:37:53.800 1252-1298/? D/ActivityManager: resumeTopActivityLocked: Going to sleep and all paused
01-25 16:37:53.820 1451-1451/? D/KeyguardModel: mPackageIntentReceiver, received action: android.intent.action.PACKAGE_REMOVED, sendingUserId:0
01-25 16:37:53.820 1998-1998/? I/[LGHome]EVENT: [LauncherModel.java:1177:onReceive()]onReceive intent=Intent { act=android.intent.action.PACKAGE_REMOVED dat=package:io.realm.test flg=0x4000010 (has extras) }
01-25 16:37:53.820 1998-1998/? I/[LGHome]LGPlusHomeDBManager: [LGPlusHomeDBManager.java:297:onReceive()]onReceive intent=Intent { act=android.intent.action.PACKAGE_REMOVED dat=package:io.realm.test flg=0x4000010 (has extras) }
01-25 16:37:53.820 1998-1998/? I/[LGHome]LGPlusHomeDBManager: [LGPlusHomeDBManager.java:363:packageUpdate()]PackageUpdatedTask: 3
01-25 16:37:53.820 1998-1998/? I/[LGHome]LGAllAppsPagedView: [LGMenuPagedAppsView.java:4228:removeApps()]removeApps list size= 0
01-25 16:37:53.820 1252-1425/? I/InputReader: Reconfiguring input devices.  changes=0x00000010
01-25 16:37:53.830 1252-1974/? I/PackageManager:   Action: "android.intent.action.SENDTO"
01-25 16:37:53.830 1252-1974/? I/PackageManager:   Category: "android.intent.category.DEFAULT"
01-25 16:37:53.830 1252-1974/? I/PackageManager:   Scheme: "sms"
01-25 16:37:53.830 1252-1974/? I/PackageManager: Adding preferred activity ComponentInfo{com.android.mms/com.android.mms.ui.ComposeMessageActivity} for user 0 :
01-25 16:37:53.840 1451-1451/? D/KeyguardModel: mPackageIntentReceiver, received action: android.intent.action.PACKAGE_FULLY_REMOVED, sendingUserId:0
01-25 16:37:53.840 841-841/? D/RemotePackageHandler: onReceive action : android.intent.action.PACKAGE_REMOVED = package:io.realm.test
01-25 16:37:53.840 32546-32546/? E/SlideAside: [PinnedViewHolder.java:41:onReceive()] oooooo android.intent.action.PACKAGE_REMOVED
01-25 16:37:53.840 32546-32546/? I/SlideAside: [PinnedViewHolder.java:69:onReceive()] oooooo RemovedPackageName = io.realm.test
01-25 16:37:53.850 1252-1252/? D/administrator: Handling package changes for user 0
01-25 16:37:53.860 1252-2023/? I/PackageManager:   Action: "android.intent.action.SENDTO"
01-25 16:37:53.860 1252-2023/? I/PackageManager:   Category: "android.intent.category.DEFAULT"
01-25 16:37:53.860 1252-2023/? I/PackageManager:   Scheme: "smsto"
01-25 16:37:53.860 1252-2023/? I/PackageManager: Adding preferred activity ComponentInfo{com.android.mms/com.android.mms.ui.ComposeMessageActivity} for user 0 :
01-25 16:37:53.870 22408-22408/? W/System.err: android.content.pm.PackageManager$NameNotFoundException: io.realm.test
01-25 16:37:53.870 22408-22408/? W/System.err:     at android.app.ApplicationPackageManager.getPackageInfo(ApplicationPackageManager.java:82)
01-25 16:37:53.870 22408-22408/? W/System.err:     at com.lge.mlt.MptOnAppWatcher$1.onReceive(MptOnAppWatcher.java:44)
01-25 16:37:53.870 22408-22408/? W/System.err:     at android.app.LoadedApk$ReceiverDispatcher$Args.run(LoadedApk.java:778)
01-25 16:37:53.870 22408-22408/? W/System.err:     at android.os.Handler.handleCallback(Handler.java:733)
01-25 16:37:53.870 22408-22408/? W/System.err:     at android.os.Handler.dispatchMessage(Handler.java:95)
01-25 16:37:53.870 22408-22408/? W/System.err:     at android.os.Looper.loop(Looper.java:136)
01-25 16:37:53.870 22408-22408/? W/System.err:     at android.app.ActivityThread.main(ActivityThread.java:5120)
01-25 16:37:53.870 22408-22408/? W/System.err:     at java.lang.reflect.Method.invokeNative(Native Method)
01-25 16:37:53.870 22408-22408/? W/System.err:     at java.lang.reflect.Method.invoke(Method.java:515)
01-25 16:37:53.870 22408-22408/? W/System.err:     at com.android.internal.os.ZygoteInit$MethodAndArgsCaller.run(ZygoteInit.java:792)
01-25 16:37:53.870 22408-22408/? W/System.err:     at com.android.internal.os.ZygoteInit.main(ZygoteInit.java:608)
01-25 16:37:53.870 22408-22408/? W/System.err:     at dalvik.system.NativeStart.main(Native Method)
01-25 16:37:53.890 1252-1528/? I/PackageManager:   Action: "android.intent.action.SENDTO"
01-25 16:37:53.890 1252-1528/? I/PackageManager:   Category: "android.intent.category.DEFAULT"
01-25 16:37:53.890 1252-1528/? I/PackageManager:   Scheme: "mms"